******************************************************************************
                  TI ARM Linker PC v18.12.3                    
******************************************************************************
>> Linked Wed Feb  5 21:34:25 2020

OUTPUT FILE NAME:   <UART.out>
ENTRY POINT SYMBOL: "_c_int00_noinit_noargs"  address: 00000a11


MEMORY CONFIGURATION

         name            origin    length      used     unused   attr    fill
----------------------  --------  ---------  --------  --------  ----  --------
  FLASH                 00000000   00040000  00000a50  0003f5b0  R  X
  SRAM                  20000000   00008000  00000200  00007e00  RW X


SEGMENT ALLOCATION MAP

run origin  load origin   length   init length attrs members
----------  ----------- ---------- ----------- ----- -------
00000000    00000000    00000a50   00000a50    r-x
  00000000    00000000    0000026c   0000026c    r-- .intvecs
  0000026c    0000026c    000007e4   000007e4    r-x .text
20000000    20000000    00000200   00000000    rw-
  20000000    20000000    00000200   00000000    rw- .stack


SECTION ALLOCATION MAP

 output                                  attributes/
section   page    origin      length       input sections
--------  ----  ----------  ----------   ----------------
.intvecs   0    00000000    0000026c     
                  00000000    0000026c     tm4c123gh6pm_startup_ccs.obj (.intvecs)

.text      0    0000026c    000007e4     
                  0000026c    0000073c     UART.obj (.text)
                  000009a8    00000068     main.obj (.text)
                  00000a10    0000002c     rtsv7M4_T_le_v4SPD16_eabi.lib : boot_cortex_m.c.obj (.text:_c_int00_noinit_noargs:_c_int00_noinit_noargs)
                  00000a3c    0000000c     tm4c123gh6pm_startup_ccs.obj (.text)
                  00000a48    00000004     rtsv7M4_T_le_v4SPD16_eabi.lib : pre_init.c.obj (.text:_system_pre_init)
                  00000a4c    00000004                                   : exit.c.obj (.text:abort:abort)

.cinit     0    00000000    00000000     UNINITIALIZED

.init_array 
*          0    00000000    00000000     UNINITIALIZED

.stack     0    20000000    00000200     UNINITIALIZED
                  20000000    00000004     rtsv7M4_T_le_v4SPD16_eabi.lib : boot_cortex_m.c.obj (.stack)
                  20000004    000001fc     --HOLE--

MODULE SUMMARY

       Module                         code   ro data   rw data
       ------                         ----   -------   -------
    .\
       UART.obj                       1852   0         0      
       tm4c123gh6pm_startup_ccs.obj   12     620       0      
       main.obj                       104    0         0      
    +--+------------------------------+------+---------+---------+
       Total:                         1968   620       0      
                                                              
    C:\ti\ccs920\ccs\tools\compiler\ti-cgt-arm_18.12.3.LTS\lib\rtsv7M4_T_le_v4SPD16_eabi.lib
       boot_cortex_m.c.obj            44     0         0      
       exit.c.obj                     4      0         0      
       pre_init.c.obj                 4      0         0      
    +--+------------------------------+------+---------+---------+
       Total:                         52     0         0      
                                                              
       Stack:                         0      0         512    
    +--+------------------------------+------+---------+---------+
       Grand Total:                   2020   620       512    


GLOBAL SYMBOLS: SORTED ALPHABETICALLY BY Name 

address   name                  
-------   ----                  
00000a4d  C$$EXIT               
00000a3d  ResetISR              
0000026d  UART_Init             
000006e9  UART_Receive          
00000865  UART_Transmit         
20000200  __STACK_END           
00000200  __STACK_SIZE          
20000200  __STACK_TOP           
ffffffff  __TI_pprof_out_hndl   
ffffffff  __TI_prof_data_size   
ffffffff  __TI_prof_data_start  
00000000  __TI_static_base__    
ffffffff  __binit__             
ffffffff  __c_args__            
UNDEFED   __mpu_init            
20000000  __stack               
00000a11  _c_int00_noinit_noargs
000009a9  _delay_ms             
00000a49  _system_pre_init      
00000a4d  abort                 
ffffffff  binit                 
00000000  g_pfnVectors          
000009eb  main                  


GLOBAL SYMBOLS: SORTED BY Symbol Address 

address   name                  
-------   ----                  
00000000  __TI_static_base__    
00000000  g_pfnVectors          
00000200  __STACK_SIZE          
0000026d  UART_Init             
000006e9  UART_Receive          
00000865  UART_Transmit         
000009a9  _delay_ms             
000009eb  main                  
00000a11  _c_int00_noinit_noargs
00000a3d  ResetISR              
00000a49  _system_pre_init      
00000a4d  C$$EXIT               
00000a4d  abort                 
20000000  __stack               
20000200  __STACK_END           
20000200  __STACK_TOP           
ffffffff  __TI_pprof_out_hndl   
ffffffff  __TI_prof_data_size   
ffffffff  __TI_prof_data_start  
ffffffff  __binit__             
ffffffff  __c_args__            
ffffffff  binit                 
UNDEFED   __mpu_init            

[23 symbols]
